                                      1 ;--------------------------------------------------------
                                      2 ; File Created by SDCC : free open source ISO C Compiler
                                      3 ; Version 4.5.1 #15267 (MINGW64)
                                      4 ;--------------------------------------------------------
                                      5 	.module main
                                      6 	
                                      7 ;--------------------------------------------------------
                                      8 ; Public variables in this module
                                      9 ;--------------------------------------------------------
                                     10 	.globl _main
                                     11 	.globl _move
                                     12 	.globl _initializeRobot
                                     13 	.globl _set_sprite_data
                                     14 	.globl _vsync
                                     15 	.globl _joypad
                                     16 	.globl _joy
                                     17 	.globl _oldJoy
                                     18 	.globl _robot
                                     19 ;--------------------------------------------------------
                                     20 ; special function registers
                                     21 ;--------------------------------------------------------
                                     22 	.area _HRAM
                                     23 ;--------------------------------------------------------
                                     24 ; ram data
                                     25 ;--------------------------------------------------------
                                     26 	.area _DATA
    00000000                         27 _robot::
    00000000                         28 	.ds 8
    00000008                         29 _oldJoy::
    00000008                         30 	.ds 1
                                     31 ;--------------------------------------------------------
                                     32 ; ram data
                                     33 ;--------------------------------------------------------
                                     34 	.area _INITIALIZED
    00000000                         35 _joy::
    00000000                         36 	.ds 1
                                     37 ;--------------------------------------------------------
                                     38 ; absolute external ram data
                                     39 ;--------------------------------------------------------
                                     40 	.area _DABS (ABS)
                                     41 ;--------------------------------------------------------
                                     42 ; global & static initialisations
                                     43 ;--------------------------------------------------------
                                     44 	.area _HOME
                                     45 	.area _GSINIT
                                     46 	.area _GSFINAL
                                     47 	.area _GSINIT
                                     48 ;--------------------------------------------------------
                                     49 ; Home
                                     50 ;--------------------------------------------------------
                                     51 	.area _HOME
                                     52 	.area _HOME
                                     53 ;--------------------------------------------------------
                                     54 ; code
                                     55 ;--------------------------------------------------------
                                     56 	.area _CODE
                                     57 ;main.c:13: void initializeRobot(void) {
                                     58 ;	---------------------------------
                                     59 ; Function initializeRobot
                                     60 ; ---------------------------------
    00000000                         61 _initializeRobot::
                                     62 ;main.c:14: robot.x = 80;
    00000000 21r04r00         [12]   63 	ld	hl, #_robot + 4
    00000003 36 50            [12]   64 	ld	(hl), #0x50
                                     65 ;main.c:15: robot.y = 130;
    00000005 21r05r00         [12]   66 	ld	hl, #_robot + 5
    00000008 36 82            [12]   67 	ld	(hl), #0x82
                                     68 ;main.c:16: robot.width = SPRSIZE;
    0000000A 21r06r00         [12]   69 	ld	hl, #_robot + 6
    0000000D 36 10            [12]   70 	ld	(hl), #0x10
                                     71 ;main.c:17: robot.height = SPRSIZE;
    0000000F 21r07r00         [12]   72 	ld	hl, #_robot + 7
    00000012 36 10            [12]   73 	ld	(hl), #0x10
                                     74 ;c:\gbdk\include\gb\gb.h:1887: shadow_OAM[nb].tile=tile;
    00000014 21r02r00         [12]   75 	ld	hl, #(_shadow_OAM + 2)
    00000017 36 00            [12]   76 	ld	(hl), #0x00
                                     77 ;main.c:20: robot.spriteids[0] = 0;
    00000019 21r00r00         [12]   78 	ld	hl, #_robot
    0000001C 36 00            [12]   79 	ld	(hl), #0x00
                                     80 ;c:\gbdk\include\gb\gb.h:1887: shadow_OAM[nb].tile=tile;
    0000001E 21r06r00         [12]   81 	ld	hl, #(_shadow_OAM + 6)
    00000021 36 01            [12]   82 	ld	(hl), #0x01
                                     83 ;main.c:22: robot.spriteids[1] = 1;
    00000023 21r01r00         [12]   84 	ld	hl, #_robot + 1
    00000026 36 01            [12]   85 	ld	(hl), #0x01
                                     86 ;c:\gbdk\include\gb\gb.h:1887: shadow_OAM[nb].tile=tile;
    00000028 21r0Ar00         [12]   87 	ld	hl, #(_shadow_OAM + 10)
    0000002B 36 02            [12]   88 	ld	(hl), #0x02
                                     89 ;main.c:24: robot.spriteids[2] = 2;
    0000002D 21r02r00         [12]   90 	ld	hl, #_robot + 2
    00000030 36 02            [12]   91 	ld	(hl), #0x02
                                     92 ;c:\gbdk\include\gb\gb.h:1887: shadow_OAM[nb].tile=tile;
    00000032 21r0Er00         [12]   93 	ld	hl, #(_shadow_OAM + 14)
    00000035 36 03            [12]   94 	ld	(hl), #0x03
                                     95 ;main.c:26: robot.spriteids[3] = 3;
    00000037 21r03r00         [12]   96 	ld	hl, #_robot + 3
    0000003A 36 03            [12]   97 	ld	(hl), #0x03
                                     98 ;main.c:27: }
    0000003C C9               [16]   99 	ret
                                    100 ;main.c:29: void move(struct Robot* robot, uint8_t x, uint8_t y) {
                                    101 ;	---------------------------------
                                    102 ; Function move
                                    103 ; ---------------------------------
    0000003D                        104 _move::
    0000003D E8 FD            [16]  105 	add	sp, #-3
    0000003F F8 02            [12]  106 	ldhl	sp,	#2
    00000041 77               [ 8]  107 	ld	(hl), a
                                    108 ;main.c:30: move_sprite(robot->spriteids[0], x, y);
    00000042 1A               [ 8]  109 	ld	a, (de)
    00000043 4F               [ 4]  110 	ld	c, a
                                    111 ;c:\gbdk\include\gb\gb.h:1973: OAM_item_t * itm = &shadow_OAM[nb];
    00000044 AF               [ 4]  112 	xor	a, a
    00000045 69               [ 4]  113 	ld	l, c
    00000046 67               [ 4]  114 	ld	h, a
    00000047 29               [ 8]  115 	add	hl, hl
    00000048 29               [ 8]  116 	add	hl, hl
    00000049 01r00r00         [12]  117 	ld	bc, #_shadow_OAM
    0000004C 09               [ 8]  118 	add	hl, bc
    0000004D 4D               [ 4]  119 	ld	c, l
    0000004E 44               [ 4]  120 	ld	b, h
                                    121 ;c:\gbdk\include\gb\gb.h:1974: itm->y=y, itm->x=x;
    0000004F F8 05            [12]  122 	ldhl	sp,	#5
    00000051 7E               [ 8]  123 	ld	a, (hl)
    00000052 02               [ 8]  124 	ld	(bc), a
    00000053 03               [ 8]  125 	inc	bc
    00000054 F8 02            [12]  126 	ldhl	sp,	#2
    00000056 7E               [ 8]  127 	ld	a, (hl)
    00000057 02               [ 8]  128 	ld	(bc), a
                                    129 ;main.c:31: move_sprite(robot->spriteids[1], x, y + PIECESIZE);
    00000058 F8 05            [12]  130 	ldhl	sp,	#5
    0000005A 7E               [ 8]  131 	ld	a, (hl)
    0000005B C6 08            [ 8]  132 	add	a, #0x08
    0000005D F8 00            [12]  133 	ldhl	sp,	#0
    0000005F 77               [ 8]  134 	ld	(hl), a
    00000060 2A               [ 8]  135 	ld	a, (hl+)
    00000061 77               [ 8]  136 	ld	(hl), a
    00000062 6B               [ 4]  137 	ld	l, e
    00000063 62               [ 4]  138 	ld	h, d
    00000064 23               [ 8]  139 	inc	hl
    00000065 4E               [ 8]  140 	ld	c, (hl)
                                    141 ;c:\gbdk\include\gb\gb.h:1973: OAM_item_t * itm = &shadow_OAM[nb];
    00000066 AF               [ 4]  142 	xor	a, a
    00000067 69               [ 4]  143 	ld	l, c
    00000068 67               [ 4]  144 	ld	h, a
    00000069 29               [ 8]  145 	add	hl, hl
    0000006A 29               [ 8]  146 	add	hl, hl
    0000006B 01r00r00         [12]  147 	ld	bc, #_shadow_OAM
    0000006E 09               [ 8]  148 	add	hl, bc
    0000006F 4D               [ 4]  149 	ld	c, l
    00000070 44               [ 4]  150 	ld	b, h
                                    151 ;c:\gbdk\include\gb\gb.h:1974: itm->y=y, itm->x=x;
    00000071 F8 01            [12]  152 	ldhl	sp,	#1
    00000073 2A               [ 8]  153 	ld	a, (hl+)
    00000074 02               [ 8]  154 	ld	(bc), a
    00000075 03               [ 8]  155 	inc	bc
    00000076 7E               [ 8]  156 	ld	a, (hl)
    00000077 02               [ 8]  157 	ld	(bc), a
                                    158 ;main.c:32: move_sprite(robot->spriteids[2], x + PIECESIZE, y);
    00000078 3A               [ 8]  159 	ld	a, (hl-)
    00000079 C6 08            [ 8]  160 	add	a, #0x08
    0000007B 77               [ 8]  161 	ld	(hl), a
    0000007C 4E               [ 8]  162 	ld	c, (hl)
    0000007D 6B               [ 4]  163 	ld	l, e
    0000007E 62               [ 4]  164 	ld	h, d
    0000007F 23               [ 8]  165 	inc	hl
    00000080 23               [ 8]  166 	inc	hl
    00000081 46               [ 8]  167 	ld	b, (hl)
                                    168 ;c:\gbdk\include\gb\gb.h:1973: OAM_item_t * itm = &shadow_OAM[nb];
    00000082 AF               [ 4]  169 	xor	a, a
    00000083 68               [ 4]  170 	ld	l, b
    00000084 67               [ 4]  171 	ld	h, a
    00000085 29               [ 8]  172 	add	hl, hl
    00000086 29               [ 8]  173 	add	hl, hl
    00000087 D5               [16]  174 	push	de
    00000088 11r00r00         [12]  175 	ld	de, #_shadow_OAM
    0000008B 19               [ 8]  176 	add	hl, de
    0000008C D1               [12]  177 	pop	de
                                    178 ;c:\gbdk\include\gb\gb.h:1974: itm->y=y, itm->x=x;
    0000008D E5               [16]  179 	push	hl
    0000008E F8 07            [12]  180 	ldhl	sp,	#7
    00000090 7E               [ 8]  181 	ld	a, (hl)
    00000091 E1               [12]  182 	pop	hl
    00000092 22               [ 8]  183 	ld	(hl+), a
    00000093 71               [ 8]  184 	ld	(hl), c
                                    185 ;main.c:33: move_sprite(robot->spriteids[3], x + PIECESIZE, y + PIECESIZE);
    00000094 13               [ 8]  186 	inc	de
    00000095 13               [ 8]  187 	inc	de
    00000096 13               [ 8]  188 	inc	de
    00000097 1A               [ 8]  189 	ld	a, (de)
    00000098 5F               [ 4]  190 	ld	e, a
                                    191 ;c:\gbdk\include\gb\gb.h:1973: OAM_item_t * itm = &shadow_OAM[nb];
    00000099 01r00r00         [12]  192 	ld	bc, #_shadow_OAM+0
    0000009C 6B               [ 4]  193 	ld	l, e
    0000009D 26 00            [ 8]  194 	ld	h, #0x00
    0000009F 29               [ 8]  195 	add	hl, hl
    000000A0 29               [ 8]  196 	add	hl, hl
    000000A1 09               [ 8]  197 	add	hl, bc
    000000A2 4D               [ 4]  198 	ld	c, l
    000000A3 44               [ 4]  199 	ld	b, h
                                    200 ;c:\gbdk\include\gb\gb.h:1974: itm->y=y, itm->x=x;
    000000A4 F8 00            [12]  201 	ldhl	sp,	#0
    000000A6 2A               [ 8]  202 	ld	a, (hl+)
    000000A7 02               [ 8]  203 	ld	(bc), a
    000000A8 03               [ 8]  204 	inc	bc
    000000A9 7E               [ 8]  205 	ld	a, (hl)
    000000AA 02               [ 8]  206 	ld	(bc), a
                                    207 ;main.c:33: move_sprite(robot->spriteids[3], x + PIECESIZE, y + PIECESIZE);
                                    208 ;main.c:34: }
    000000AB E8 03            [16]  209 	add	sp, #3
    000000AD E1               [12]  210 	pop	hl
    000000AE 33               [ 8]  211 	inc	sp
    000000AF E9               [ 4]  212 	jp	(hl)
                                    213 ;main.c:44: void main(void)
                                    214 ;	---------------------------------
                                    215 ; Function main
                                    216 ; ---------------------------------
    000000B0                        217 _main::
                                    218 ;main.c:47: set_sprite_data(0, 16, minestepperTiles);
    000000B0 11r00r00         [12]  219 	ld	de, #_minestepperTiles
    000000B3 D5               [16]  220 	push	de
    000000B4 21 00 10         [12]  221 	ld	hl, #0x1000
    000000B7 E5               [16]  222 	push	hl
    000000B8 CDr00r00         [24]  223 	call	_set_sprite_data
    000000BB E8 04            [16]  224 	add	sp, #4
                                    225 ;main.c:48: initializeRobot();
    000000BD CDr00r00         [24]  226 	call	_initializeRobot
                                    227 ;main.c:50: SHOW_SPRITES;
    000000C0 F0r00            [12]  228 	ldh	a, (_LCDC_REG + 0)
    000000C2 F6 02            [ 8]  229 	or	a, #0x02
    000000C4 E0r00            [12]  230 	ldh	(_LCDC_REG + 0), a
                                    231 ;main.c:51: DISPLAY_ON;
    000000C6 F0r00            [12]  232 	ldh	a, (_LCDC_REG + 0)
    000000C8 F6 80            [ 8]  233 	or	a, #0x80
    000000CA E0r00            [12]  234 	ldh	(_LCDC_REG + 0), a
                                    235 ;main.c:53: move(&robot, robot.x, robot.y);
    000000CC 21r05r00         [12]  236 	ld	hl, #(_robot + 5)
    000000CF 46               [ 8]  237 	ld	b, (hl)
    000000D0 FAr04r00         [16]  238 	ld	a, (#(_robot + 4) + 0)
    000000D3 C5               [16]  239 	push	bc
    000000D4 33               [ 8]  240 	inc	sp
    000000D5 11r00r00         [12]  241 	ld	de, #_robot
    000000D8 CDr3Dr00         [24]  242 	call	_move
                                    243 ;main.c:56: while(1) {
    000000DB                        244 00110$:
                                    245 ;main.c:37: oldJoy = joy, joy = joypad();
    000000DB FAr00r00         [16]  246 	ld	a, (#_joy)
    000000DE EAr08r00         [16]  247 	ld	(#_oldJoy),a
    000000E1 CDr00r00         [24]  248 	call	_joypad
    000000E4 EAr00r00         [16]  249 	ld	(#_joy),a
                                    250 ;main.c:41: return ((joy & ~oldJoy) & key);
    000000E7 FAr08r00         [16]  251 	ld	a, (#_oldJoy)
    000000EA 2F               [ 4]  252 	cpl
    000000EB 21r00r00         [12]  253 	ld	hl, #_joy
    000000EE A6               [ 8]  254 	and	a, (hl)
    000000EF CB 4F            [ 8]  255 	bit	1, a
    000000F1 28 17            [12]  256 	jr	Z, 00102$
                                    257 ;main.c:59: if (keyPressed(J_LEFT)) {
                                    258 ;main.c:60: robot.x -= SPRSIZE;
    000000F3 FAr04r00         [16]  259 	ld	a, (#(_robot + 4) + 0)
    000000F6 C6 F0            [ 8]  260 	add	a, #0xf0
    000000F8 EAr04r00         [16]  261 	ld	(#(_robot + 4)),a
                                    262 ;main.c:61: move(&robot, robot.x, robot.y);
    000000FB 21r05r00         [12]  263 	ld	hl, #(_robot + 5)
    000000FE 46               [ 8]  264 	ld	b, (hl)
    000000FF FAr04r00         [16]  265 	ld	a, (#(_robot + 4) + 0)
    00000102 C5               [16]  266 	push	bc
    00000103 33               [ 8]  267 	inc	sp
    00000104 11r00r00         [12]  268 	ld	de, #_robot
    00000107 CDr3Dr00         [24]  269 	call	_move
    0000010A                        270 00102$:
                                    271 ;main.c:41: return ((joy & ~oldJoy) & key);
    0000010A FAr08r00         [16]  272 	ld	a, (#_oldJoy)
    0000010D 2F               [ 4]  273 	cpl
    0000010E 21r00r00         [12]  274 	ld	hl, #_joy
    00000111 A6               [ 8]  275 	and	a, (hl)
    00000112 0F               [ 4]  276 	rrca
    00000113 30 17            [12]  277 	jr	NC, 00104$
                                    278 ;main.c:64: if (keyPressed(J_RIGHT)) {
                                    279 ;main.c:65: robot.x += SPRSIZE;
    00000115 FAr04r00         [16]  280 	ld	a, (#(_robot + 4) + 0)
    00000118 C6 10            [ 8]  281 	add	a, #0x10
    0000011A EAr04r00         [16]  282 	ld	(#(_robot + 4)),a
                                    283 ;main.c:66: move(&robot, robot.x, robot.y);
    0000011D 21r05r00         [12]  284 	ld	hl, #(_robot + 5)
    00000120 46               [ 8]  285 	ld	b, (hl)
    00000121 FAr04r00         [16]  286 	ld	a, (#(_robot + 4) + 0)
    00000124 C5               [16]  287 	push	bc
    00000125 33               [ 8]  288 	inc	sp
    00000126 11r00r00         [12]  289 	ld	de, #_robot
    00000129 CDr3Dr00         [24]  290 	call	_move
    0000012C                        291 00104$:
                                    292 ;main.c:41: return ((joy & ~oldJoy) & key);
    0000012C FAr08r00         [16]  293 	ld	a, (#_oldJoy)
    0000012F 2F               [ 4]  294 	cpl
    00000130 21r00r00         [12]  295 	ld	hl, #_joy
    00000133 A6               [ 8]  296 	and	a, (hl)
    00000134 CB 57            [ 8]  297 	bit	2, a
    00000136 28 17            [12]  298 	jr	Z, 00106$
                                    299 ;main.c:69: if (keyPressed(J_UP)) {
                                    300 ;main.c:70: robot.y -= SPRSIZE;
    00000138 FAr05r00         [16]  301 	ld	a, (#(_robot + 5) + 0)
    0000013B C6 F0            [ 8]  302 	add	a, #0xf0
    0000013D EAr05r00         [16]  303 	ld	(#(_robot + 5)),a
                                    304 ;main.c:71: move(&robot, robot.x, robot.y);
    00000140 21r05r00         [12]  305 	ld	hl, #(_robot + 5)
    00000143 46               [ 8]  306 	ld	b, (hl)
    00000144 FAr04r00         [16]  307 	ld	a, (#(_robot + 4) + 0)
    00000147 C5               [16]  308 	push	bc
    00000148 33               [ 8]  309 	inc	sp
    00000149 11r00r00         [12]  310 	ld	de, #_robot
    0000014C CDr3Dr00         [24]  311 	call	_move
    0000014F                        312 00106$:
                                    313 ;main.c:41: return ((joy & ~oldJoy) & key);
    0000014F FAr08r00         [16]  314 	ld	a, (#_oldJoy)
    00000152 2F               [ 4]  315 	cpl
    00000153 21r00r00         [12]  316 	ld	hl, #_joy
    00000156 A6               [ 8]  317 	and	a, (hl)
    00000157 CB 5F            [ 8]  318 	bit	3, a
    00000159 28 17            [12]  319 	jr	Z, 00108$
                                    320 ;main.c:74: if (keyPressed(J_DOWN)) {
                                    321 ;main.c:75: robot.y += SPRSIZE;
    0000015B FAr05r00         [16]  322 	ld	a, (#(_robot + 5) + 0)
    0000015E C6 10            [ 8]  323 	add	a, #0x10
    00000160 EAr05r00         [16]  324 	ld	(#(_robot + 5)),a
                                    325 ;main.c:76: move(&robot, robot.x, robot.y);
    00000163 21r05r00         [12]  326 	ld	hl, #(_robot + 5)
    00000166 46               [ 8]  327 	ld	b, (hl)
    00000167 FAr04r00         [16]  328 	ld	a, (#(_robot + 4) + 0)
    0000016A C5               [16]  329 	push	bc
    0000016B 33               [ 8]  330 	inc	sp
    0000016C 11r00r00         [12]  331 	ld	de, #_robot
    0000016F CDr3Dr00         [24]  332 	call	_move
    00000172                        333 00108$:
                                    334 ;main.c:81: vsync();
    00000172 CDr00r00         [24]  335 	call	_vsync
                                    336 ;main.c:83: }
    00000175 C3rDBr00         [16]  337 	jp	00110$
                                    338 	.area _CODE
                                    339 	.area _INITIALIZER
    00000000                        340 __xinit__joy:
    00000000 00                     341 	.db #0x00	; 0
                                    342 	.area _CABS (ABS)
