                                      1 ;--------------------------------------------------------
                                      2 ; File Created by SDCC : free open source ISO C Compiler
                                      3 ; Version 4.5.1 #15267 (MINGW64)
                                      4 ;--------------------------------------------------------
                                      5 	.module minestepperField
                                      6 	
                                      7 ;--------------------------------------------------------
                                      8 ; Public variables in this module
                                      9 ;--------------------------------------------------------
                                     10 	.globl _minestepperField
                                     11 ;--------------------------------------------------------
                                     12 ; special function registers
                                     13 ;--------------------------------------------------------
                                     14 	.area _HRAM
                                     15 ;--------------------------------------------------------
                                     16 ; ram data
                                     17 ;--------------------------------------------------------
                                     18 	.area _DATA
                                     19 ;--------------------------------------------------------
                                     20 ; ram data
                                     21 ;--------------------------------------------------------
                                     22 	.area _INITIALIZED
                                     23 ;--------------------------------------------------------
                                     24 ; absolute external ram data
                                     25 ;--------------------------------------------------------
                                     26 	.area _DABS (ABS)
                                     27 ;--------------------------------------------------------
                                     28 ; global & static initialisations
                                     29 ;--------------------------------------------------------
                                     30 	.area _HOME
                                     31 	.area _GSINIT
                                     32 	.area _GSFINAL
                                     33 	.area _GSINIT
                                     34 ;--------------------------------------------------------
                                     35 ; Home
                                     36 ;--------------------------------------------------------
                                     37 	.area _HOME
                                     38 	.area _HOME
                                     39 ;--------------------------------------------------------
                                     40 ; code
                                     41 ;--------------------------------------------------------
                                     42 	.area _CODE
                                     43 	.area _CODE
    00000000                         44 _minestepperField:
    00000000 10                      45 	.db #0x10	; 16
    00000001 10                      46 	.db #0x10	; 16
    00000002 10                      47 	.db #0x10	; 16
    00000003 10                      48 	.db #0x10	; 16
    00000004 10                      49 	.db #0x10	; 16
    00000005 10                      50 	.db #0x10	; 16
    00000006 10                      51 	.db #0x10	; 16
    00000007 10                      52 	.db #0x10	; 16
    00000008 10                      53 	.db #0x10	; 16
    00000009 10                      54 	.db #0x10	; 16
    0000000A 10                      55 	.db #0x10	; 16
    0000000B 10                      56 	.db #0x10	; 16
    0000000C 10                      57 	.db #0x10	; 16
    0000000D 10                      58 	.db #0x10	; 16
    0000000E 10                      59 	.db #0x10	; 16
    0000000F 10                      60 	.db #0x10	; 16
    00000010 10                      61 	.db #0x10	; 16
    00000011 10                      62 	.db #0x10	; 16
    00000012 10                      63 	.db #0x10	; 16
    00000013 10                      64 	.db #0x10	; 16
    00000014 10                      65 	.db #0x10	; 16
    00000015 10                      66 	.db #0x10	; 16
    00000016 0C                      67 	.db #0x0c	; 12
    00000017 0E                      68 	.db #0x0e	; 14
    00000018 0C                      69 	.db #0x0c	; 12
    00000019 0E                      70 	.db #0x0e	; 14
    0000001A 0C                      71 	.db #0x0c	; 12
    0000001B 0E                      72 	.db #0x0e	; 14
    0000001C 0C                      73 	.db #0x0c	; 12
    0000001D 0E                      74 	.db #0x0e	; 14
    0000001E 0C                      75 	.db #0x0c	; 12
    0000001F 0E                      76 	.db #0x0e	; 14
    00000020 0C                      77 	.db #0x0c	; 12
    00000021 0E                      78 	.db #0x0e	; 14
    00000022 0C                      79 	.db #0x0c	; 12
    00000023 0E                      80 	.db #0x0e	; 14
    00000024 0C                      81 	.db #0x0c	; 12
    00000025 0E                      82 	.db #0x0e	; 14
    00000026 10                      83 	.db #0x10	; 16
    00000027 10                      84 	.db #0x10	; 16
    00000028 10                      85 	.db #0x10	; 16
    00000029 10                      86 	.db #0x10	; 16
    0000002A 0D                      87 	.db #0x0d	; 13
    0000002B 0F                      88 	.db #0x0f	; 15
    0000002C 0D                      89 	.db #0x0d	; 13
    0000002D 0F                      90 	.db #0x0f	; 15
    0000002E 0D                      91 	.db #0x0d	; 13
    0000002F 0F                      92 	.db #0x0f	; 15
    00000030 0D                      93 	.db #0x0d	; 13
    00000031 0F                      94 	.db #0x0f	; 15
    00000032 0D                      95 	.db #0x0d	; 13
    00000033 0F                      96 	.db #0x0f	; 15
    00000034 0D                      97 	.db #0x0d	; 13
    00000035 0F                      98 	.db #0x0f	; 15
    00000036 0D                      99 	.db #0x0d	; 13
    00000037 0F                     100 	.db #0x0f	; 15
    00000038 0D                     101 	.db #0x0d	; 13
    00000039 0F                     102 	.db #0x0f	; 15
    0000003A 10                     103 	.db #0x10	; 16
    0000003B 10                     104 	.db #0x10	; 16
    0000003C 10                     105 	.db #0x10	; 16
    0000003D 10                     106 	.db #0x10	; 16
    0000003E 0C                     107 	.db #0x0c	; 12
    0000003F 0E                     108 	.db #0x0e	; 14
    00000040 0C                     109 	.db #0x0c	; 12
    00000041 0E                     110 	.db #0x0e	; 14
    00000042 0C                     111 	.db #0x0c	; 12
    00000043 0E                     112 	.db #0x0e	; 14
    00000044 0C                     113 	.db #0x0c	; 12
    00000045 0E                     114 	.db #0x0e	; 14
    00000046 0C                     115 	.db #0x0c	; 12
    00000047 0E                     116 	.db #0x0e	; 14
    00000048 0C                     117 	.db #0x0c	; 12
    00000049 0E                     118 	.db #0x0e	; 14
    0000004A 0C                     119 	.db #0x0c	; 12
    0000004B 0E                     120 	.db #0x0e	; 14
    0000004C 0C                     121 	.db #0x0c	; 12
    0000004D 0E                     122 	.db #0x0e	; 14
    0000004E 10                     123 	.db #0x10	; 16
    0000004F 10                     124 	.db #0x10	; 16
    00000050 10                     125 	.db #0x10	; 16
    00000051 10                     126 	.db #0x10	; 16
    00000052 0D                     127 	.db #0x0d	; 13
    00000053 0F                     128 	.db #0x0f	; 15
    00000054 0D                     129 	.db #0x0d	; 13
    00000055 0F                     130 	.db #0x0f	; 15
    00000056 0D                     131 	.db #0x0d	; 13
    00000057 0F                     132 	.db #0x0f	; 15
    00000058 0D                     133 	.db #0x0d	; 13
    00000059 0F                     134 	.db #0x0f	; 15
    0000005A 0D                     135 	.db #0x0d	; 13
    0000005B 0F                     136 	.db #0x0f	; 15
    0000005C 0D                     137 	.db #0x0d	; 13
    0000005D 0F                     138 	.db #0x0f	; 15
    0000005E 0D                     139 	.db #0x0d	; 13
    0000005F 0F                     140 	.db #0x0f	; 15
    00000060 0D                     141 	.db #0x0d	; 13
    00000061 0F                     142 	.db #0x0f	; 15
    00000062 10                     143 	.db #0x10	; 16
    00000063 10                     144 	.db #0x10	; 16
    00000064 10                     145 	.db #0x10	; 16
    00000065 10                     146 	.db #0x10	; 16
    00000066 0C                     147 	.db #0x0c	; 12
    00000067 0E                     148 	.db #0x0e	; 14
    00000068 0C                     149 	.db #0x0c	; 12
    00000069 0E                     150 	.db #0x0e	; 14
    0000006A 0C                     151 	.db #0x0c	; 12
    0000006B 0E                     152 	.db #0x0e	; 14
    0000006C 0C                     153 	.db #0x0c	; 12
    0000006D 0E                     154 	.db #0x0e	; 14
    0000006E 0C                     155 	.db #0x0c	; 12
    0000006F 0E                     156 	.db #0x0e	; 14
    00000070 0C                     157 	.db #0x0c	; 12
    00000071 0E                     158 	.db #0x0e	; 14
    00000072 0C                     159 	.db #0x0c	; 12
    00000073 0E                     160 	.db #0x0e	; 14
    00000074 0C                     161 	.db #0x0c	; 12
    00000075 0E                     162 	.db #0x0e	; 14
    00000076 10                     163 	.db #0x10	; 16
    00000077 10                     164 	.db #0x10	; 16
    00000078 10                     165 	.db #0x10	; 16
    00000079 10                     166 	.db #0x10	; 16
    0000007A 0D                     167 	.db #0x0d	; 13
    0000007B 0F                     168 	.db #0x0f	; 15
    0000007C 0D                     169 	.db #0x0d	; 13
    0000007D 0F                     170 	.db #0x0f	; 15
    0000007E 0D                     171 	.db #0x0d	; 13
    0000007F 0F                     172 	.db #0x0f	; 15
    00000080 0D                     173 	.db #0x0d	; 13
    00000081 0F                     174 	.db #0x0f	; 15
    00000082 0D                     175 	.db #0x0d	; 13
    00000083 0F                     176 	.db #0x0f	; 15
    00000084 0D                     177 	.db #0x0d	; 13
    00000085 0F                     178 	.db #0x0f	; 15
    00000086 0D                     179 	.db #0x0d	; 13
    00000087 0F                     180 	.db #0x0f	; 15
    00000088 0D                     181 	.db #0x0d	; 13
    00000089 0F                     182 	.db #0x0f	; 15
    0000008A 10                     183 	.db #0x10	; 16
    0000008B 10                     184 	.db #0x10	; 16
    0000008C 10                     185 	.db #0x10	; 16
    0000008D 10                     186 	.db #0x10	; 16
    0000008E 0C                     187 	.db #0x0c	; 12
    0000008F 0E                     188 	.db #0x0e	; 14
    00000090 0C                     189 	.db #0x0c	; 12
    00000091 0E                     190 	.db #0x0e	; 14
    00000092 0C                     191 	.db #0x0c	; 12
    00000093 0E                     192 	.db #0x0e	; 14
    00000094 0C                     193 	.db #0x0c	; 12
    00000095 0E                     194 	.db #0x0e	; 14
    00000096 0C                     195 	.db #0x0c	; 12
    00000097 0E                     196 	.db #0x0e	; 14
    00000098 0C                     197 	.db #0x0c	; 12
    00000099 0E                     198 	.db #0x0e	; 14
    0000009A 0C                     199 	.db #0x0c	; 12
    0000009B 0E                     200 	.db #0x0e	; 14
    0000009C 0C                     201 	.db #0x0c	; 12
    0000009D 0E                     202 	.db #0x0e	; 14
    0000009E 10                     203 	.db #0x10	; 16
    0000009F 10                     204 	.db #0x10	; 16
    000000A0 10                     205 	.db #0x10	; 16
    000000A1 10                     206 	.db #0x10	; 16
    000000A2 0D                     207 	.db #0x0d	; 13
    000000A3 0F                     208 	.db #0x0f	; 15
    000000A4 0D                     209 	.db #0x0d	; 13
    000000A5 0F                     210 	.db #0x0f	; 15
    000000A6 0D                     211 	.db #0x0d	; 13
    000000A7 0F                     212 	.db #0x0f	; 15
    000000A8 0D                     213 	.db #0x0d	; 13
    000000A9 0F                     214 	.db #0x0f	; 15
    000000AA 0D                     215 	.db #0x0d	; 13
    000000AB 0F                     216 	.db #0x0f	; 15
    000000AC 0D                     217 	.db #0x0d	; 13
    000000AD 0F                     218 	.db #0x0f	; 15
    000000AE 0D                     219 	.db #0x0d	; 13
    000000AF 0F                     220 	.db #0x0f	; 15
    000000B0 0D                     221 	.db #0x0d	; 13
    000000B1 0F                     222 	.db #0x0f	; 15
    000000B2 10                     223 	.db #0x10	; 16
    000000B3 10                     224 	.db #0x10	; 16
    000000B4 10                     225 	.db #0x10	; 16
    000000B5 10                     226 	.db #0x10	; 16
    000000B6 0C                     227 	.db #0x0c	; 12
    000000B7 0E                     228 	.db #0x0e	; 14
    000000B8 0C                     229 	.db #0x0c	; 12
    000000B9 0E                     230 	.db #0x0e	; 14
    000000BA 0C                     231 	.db #0x0c	; 12
    000000BB 0E                     232 	.db #0x0e	; 14
    000000BC 0C                     233 	.db #0x0c	; 12
    000000BD 0E                     234 	.db #0x0e	; 14
    000000BE 0C                     235 	.db #0x0c	; 12
    000000BF 0E                     236 	.db #0x0e	; 14
    000000C0 0C                     237 	.db #0x0c	; 12
    000000C1 0E                     238 	.db #0x0e	; 14
    000000C2 0C                     239 	.db #0x0c	; 12
    000000C3 0E                     240 	.db #0x0e	; 14
    000000C4 0C                     241 	.db #0x0c	; 12
    000000C5 0E                     242 	.db #0x0e	; 14
    000000C6 10                     243 	.db #0x10	; 16
    000000C7 10                     244 	.db #0x10	; 16
    000000C8 10                     245 	.db #0x10	; 16
    000000C9 10                     246 	.db #0x10	; 16
    000000CA 0D                     247 	.db #0x0d	; 13
    000000CB 0F                     248 	.db #0x0f	; 15
    000000CC 0D                     249 	.db #0x0d	; 13
    000000CD 0F                     250 	.db #0x0f	; 15
    000000CE 0D                     251 	.db #0x0d	; 13
    000000CF 0F                     252 	.db #0x0f	; 15
    000000D0 0D                     253 	.db #0x0d	; 13
    000000D1 0F                     254 	.db #0x0f	; 15
    000000D2 0D                     255 	.db #0x0d	; 13
    000000D3 0F                     256 	.db #0x0f	; 15
    000000D4 0D                     257 	.db #0x0d	; 13
    000000D5 0F                     258 	.db #0x0f	; 15
    000000D6 0D                     259 	.db #0x0d	; 13
    000000D7 0F                     260 	.db #0x0f	; 15
    000000D8 0D                     261 	.db #0x0d	; 13
    000000D9 0F                     262 	.db #0x0f	; 15
    000000DA 10                     263 	.db #0x10	; 16
    000000DB 10                     264 	.db #0x10	; 16
    000000DC 10                     265 	.db #0x10	; 16
    000000DD 10                     266 	.db #0x10	; 16
    000000DE 0C                     267 	.db #0x0c	; 12
    000000DF 0E                     268 	.db #0x0e	; 14
    000000E0 0C                     269 	.db #0x0c	; 12
    000000E1 0E                     270 	.db #0x0e	; 14
    000000E2 0C                     271 	.db #0x0c	; 12
    000000E3 0E                     272 	.db #0x0e	; 14
    000000E4 0C                     273 	.db #0x0c	; 12
    000000E5 0E                     274 	.db #0x0e	; 14
    000000E6 0C                     275 	.db #0x0c	; 12
    000000E7 0E                     276 	.db #0x0e	; 14
    000000E8 0C                     277 	.db #0x0c	; 12
    000000E9 0E                     278 	.db #0x0e	; 14
    000000EA 0C                     279 	.db #0x0c	; 12
    000000EB 0E                     280 	.db #0x0e	; 14
    000000EC 0C                     281 	.db #0x0c	; 12
    000000ED 0E                     282 	.db #0x0e	; 14
    000000EE 10                     283 	.db #0x10	; 16
    000000EF 10                     284 	.db #0x10	; 16
    000000F0 10                     285 	.db #0x10	; 16
    000000F1 10                     286 	.db #0x10	; 16
    000000F2 0D                     287 	.db #0x0d	; 13
    000000F3 0F                     288 	.db #0x0f	; 15
    000000F4 0D                     289 	.db #0x0d	; 13
    000000F5 0F                     290 	.db #0x0f	; 15
    000000F6 0D                     291 	.db #0x0d	; 13
    000000F7 0F                     292 	.db #0x0f	; 15
    000000F8 0D                     293 	.db #0x0d	; 13
    000000F9 0F                     294 	.db #0x0f	; 15
    000000FA 0D                     295 	.db #0x0d	; 13
    000000FB 0F                     296 	.db #0x0f	; 15
    000000FC 0D                     297 	.db #0x0d	; 13
    000000FD 0F                     298 	.db #0x0f	; 15
    000000FE 0D                     299 	.db #0x0d	; 13
    000000FF 0F                     300 	.db #0x0f	; 15
    00000100 0D                     301 	.db #0x0d	; 13
    00000101 0F                     302 	.db #0x0f	; 15
    00000102 10                     303 	.db #0x10	; 16
    00000103 10                     304 	.db #0x10	; 16
    00000104 10                     305 	.db #0x10	; 16
    00000105 10                     306 	.db #0x10	; 16
    00000106 0C                     307 	.db #0x0c	; 12
    00000107 0E                     308 	.db #0x0e	; 14
    00000108 0C                     309 	.db #0x0c	; 12
    00000109 0E                     310 	.db #0x0e	; 14
    0000010A 0C                     311 	.db #0x0c	; 12
    0000010B 0E                     312 	.db #0x0e	; 14
    0000010C 0C                     313 	.db #0x0c	; 12
    0000010D 0E                     314 	.db #0x0e	; 14
    0000010E 0C                     315 	.db #0x0c	; 12
    0000010F 0E                     316 	.db #0x0e	; 14
    00000110 0C                     317 	.db #0x0c	; 12
    00000111 0E                     318 	.db #0x0e	; 14
    00000112 0C                     319 	.db #0x0c	; 12
    00000113 0E                     320 	.db #0x0e	; 14
    00000114 0C                     321 	.db #0x0c	; 12
    00000115 0E                     322 	.db #0x0e	; 14
    00000116 10                     323 	.db #0x10	; 16
    00000117 10                     324 	.db #0x10	; 16
    00000118 10                     325 	.db #0x10	; 16
    00000119 10                     326 	.db #0x10	; 16
    0000011A 0D                     327 	.db #0x0d	; 13
    0000011B 0F                     328 	.db #0x0f	; 15
    0000011C 0D                     329 	.db #0x0d	; 13
    0000011D 0F                     330 	.db #0x0f	; 15
    0000011E 0D                     331 	.db #0x0d	; 13
    0000011F 0F                     332 	.db #0x0f	; 15
    00000120 0D                     333 	.db #0x0d	; 13
    00000121 0F                     334 	.db #0x0f	; 15
    00000122 0D                     335 	.db #0x0d	; 13
    00000123 0F                     336 	.db #0x0f	; 15
    00000124 0D                     337 	.db #0x0d	; 13
    00000125 0F                     338 	.db #0x0f	; 15
    00000126 0D                     339 	.db #0x0d	; 13
    00000127 0F                     340 	.db #0x0f	; 15
    00000128 0D                     341 	.db #0x0d	; 13
    00000129 0F                     342 	.db #0x0f	; 15
    0000012A 10                     343 	.db #0x10	; 16
    0000012B 10                     344 	.db #0x10	; 16
    0000012C 10                     345 	.db #0x10	; 16
    0000012D 10                     346 	.db #0x10	; 16
    0000012E 0C                     347 	.db #0x0c	; 12
    0000012F 0E                     348 	.db #0x0e	; 14
    00000130 0C                     349 	.db #0x0c	; 12
    00000131 0E                     350 	.db #0x0e	; 14
    00000132 0C                     351 	.db #0x0c	; 12
    00000133 0E                     352 	.db #0x0e	; 14
    00000134 0C                     353 	.db #0x0c	; 12
    00000135 0E                     354 	.db #0x0e	; 14
    00000136 0C                     355 	.db #0x0c	; 12
    00000137 0E                     356 	.db #0x0e	; 14
    00000138 0C                     357 	.db #0x0c	; 12
    00000139 0E                     358 	.db #0x0e	; 14
    0000013A 0C                     359 	.db #0x0c	; 12
    0000013B 0E                     360 	.db #0x0e	; 14
    0000013C 0C                     361 	.db #0x0c	; 12
    0000013D 0E                     362 	.db #0x0e	; 14
    0000013E 10                     363 	.db #0x10	; 16
    0000013F 10                     364 	.db #0x10	; 16
    00000140 10                     365 	.db #0x10	; 16
    00000141 10                     366 	.db #0x10	; 16
    00000142 0D                     367 	.db #0x0d	; 13
    00000143 0F                     368 	.db #0x0f	; 15
    00000144 0D                     369 	.db #0x0d	; 13
    00000145 0F                     370 	.db #0x0f	; 15
    00000146 0D                     371 	.db #0x0d	; 13
    00000147 0F                     372 	.db #0x0f	; 15
    00000148 0D                     373 	.db #0x0d	; 13
    00000149 0F                     374 	.db #0x0f	; 15
    0000014A 0D                     375 	.db #0x0d	; 13
    0000014B 0F                     376 	.db #0x0f	; 15
    0000014C 0D                     377 	.db #0x0d	; 13
    0000014D 0F                     378 	.db #0x0f	; 15
    0000014E 0D                     379 	.db #0x0d	; 13
    0000014F 0F                     380 	.db #0x0f	; 15
    00000150 0D                     381 	.db #0x0d	; 13
    00000151 0F                     382 	.db #0x0f	; 15
    00000152 10                     383 	.db #0x10	; 16
    00000153 10                     384 	.db #0x10	; 16
    00000154 10                     385 	.db #0x10	; 16
    00000155 10                     386 	.db #0x10	; 16
    00000156 10                     387 	.db #0x10	; 16
    00000157 10                     388 	.db #0x10	; 16
    00000158 10                     389 	.db #0x10	; 16
    00000159 10                     390 	.db #0x10	; 16
    0000015A 10                     391 	.db #0x10	; 16
    0000015B 10                     392 	.db #0x10	; 16
    0000015C 10                     393 	.db #0x10	; 16
    0000015D 10                     394 	.db #0x10	; 16
    0000015E 10                     395 	.db #0x10	; 16
    0000015F 10                     396 	.db #0x10	; 16
    00000160 10                     397 	.db #0x10	; 16
    00000161 10                     398 	.db #0x10	; 16
    00000162 10                     399 	.db #0x10	; 16
    00000163 10                     400 	.db #0x10	; 16
    00000164 10                     401 	.db #0x10	; 16
    00000165 10                     402 	.db #0x10	; 16
    00000166 10                     403 	.db #0x10	; 16
    00000167 10                     404 	.db #0x10	; 16
                                    405 	.area _INITIALIZER
                                    406 	.area _CABS (ABS)
