                                      1 ;--------------------------------------------------------
                                      2 ; File Created by SDCC : free open source ISO C Compiler
                                      3 ; Version 4.5.1 #15267 (MINGW64)
                                      4 ;--------------------------------------------------------
                                      5 	.module minestepperTiles
                                      6 	
                                      7 ;--------------------------------------------------------
                                      8 ; Public variables in this module
                                      9 ;--------------------------------------------------------
                                     10 	.globl _minestepperTiles
                                     11 ;--------------------------------------------------------
                                     12 ; special function registers
                                     13 ;--------------------------------------------------------
                                     14 	.area _HRAM
                                     15 ;--------------------------------------------------------
                                     16 ; ram data
                                     17 ;--------------------------------------------------------
                                     18 	.area _DATA
                                     19 ;--------------------------------------------------------
                                     20 ; ram data
                                     21 ;--------------------------------------------------------
                                     22 	.area _INITIALIZED
                                     23 ;--------------------------------------------------------
                                     24 ; absolute external ram data
                                     25 ;--------------------------------------------------------
                                     26 	.area _DABS (ABS)
                                     27 ;--------------------------------------------------------
                                     28 ; global & static initialisations
                                     29 ;--------------------------------------------------------
                                     30 	.area _HOME
                                     31 	.area _GSINIT
                                     32 	.area _GSFINAL
                                     33 	.area _GSINIT
                                     34 ;--------------------------------------------------------
                                     35 ; Home
                                     36 ;--------------------------------------------------------
                                     37 	.area _HOME
                                     38 	.area _HOME
                                     39 ;--------------------------------------------------------
                                     40 ; code
                                     41 ;--------------------------------------------------------
                                     42 	.area _CODE
                                     43 	.area _CODE
    00000000                         44 _minestepperTiles:
    00000000 03                      45 	.db #0x03	; 3
    00000001 03                      46 	.db #0x03	; 3
    00000002 01                      47 	.db #0x01	; 1
    00000003 01                      48 	.db #0x01	; 1
    00000004 07                      49 	.db #0x07	; 7
    00000005 07                      50 	.db #0x07	; 7
    00000006 0F                      51 	.db #0x0f	; 15
    00000007 08                      52 	.db #0x08	; 8
    00000008 1B                      53 	.db #0x1b	; 27
    00000009 14                      54 	.db #0x14	; 20
    0000000A 1F                      55 	.db #0x1f	; 31
    0000000B 10                      56 	.db #0x10	; 16
    0000000C 1F                      57 	.db #0x1f	; 31
    0000000D 12                      58 	.db #0x12	; 18
    0000000E 1F                      59 	.db #0x1f	; 31
    0000000F 10                      60 	.db #0x10	; 16
    00000010 1B                      61 	.db #0x1b	; 27
    00000011 14                      62 	.db #0x14	; 20
    00000012 0E                      63 	.db #0x0e	; 14
    00000013 09                      64 	.db #0x09	; 9
    00000014 DF                      65 	.db #0xdf	; 223
    00000015 D7                      66 	.db #0xd7	; 215
    00000016 7A                      67 	.db #0x7a	; 122	'z'
    00000017 75                      68 	.db #0x75	; 117	'u'
    00000018 D5                      69 	.db #0xd5	; 213
    00000019 DA                      70 	.db #0xda	; 218
    0000001A 0F                      71 	.db #0x0f	; 15
    0000001B 0F                      72 	.db #0x0f	; 15
    0000001C 14                      73 	.db #0x14	; 20
    0000001D 1C                      74 	.db #0x1c	; 28
    0000001E 1C                      75 	.db #0x1c	; 28
    0000001F 1C                      76 	.db #0x1c	; 28
    00000020 C0                      77 	.db #0xc0	; 192
    00000021 C0                      78 	.db #0xc0	; 192
    00000022 80                      79 	.db #0x80	; 128
    00000023 80                      80 	.db #0x80	; 128
    00000024 E0                      81 	.db #0xe0	; 224
    00000025 E0                      82 	.db #0xe0	; 224
    00000026 F0                      83 	.db #0xf0	; 240
    00000027 10                      84 	.db #0x10	; 16
    00000028 D8                      85 	.db #0xd8	; 216
    00000029 28                      86 	.db #0x28	; 40
    0000002A F8                      87 	.db #0xf8	; 248
    0000002B 08                      88 	.db #0x08	; 8
    0000002C F8                      89 	.db #0xf8	; 248
    0000002D 48                      90 	.db #0x48	; 72	'H'
    0000002E F8                      91 	.db #0xf8	; 248
    0000002F 08                      92 	.db #0x08	; 8
    00000030 C8                      93 	.db #0xc8	; 200
    00000031 38                      94 	.db #0x38	; 56	'8'
    00000032 10                      95 	.db #0x10	; 16
    00000033 F0                      96 	.db #0xf0	; 240
    00000034 FB                      97 	.db #0xfb	; 251
    00000035 EB                      98 	.db #0xeb	; 235
    00000036 AE                      99 	.db #0xae	; 174
    00000037 5E                     100 	.db #0x5e	; 94
    00000038 5B                     101 	.db #0x5b	; 91
    00000039 AB                     102 	.db #0xab	; 171
    0000003A F0                     103 	.db #0xf0	; 240
    0000003B F0                     104 	.db #0xf0	; 240
    0000003C 28                     105 	.db #0x28	; 40
    0000003D 38                     106 	.db #0x38	; 56	'8'
    0000003E 38                     107 	.db #0x38	; 56	'8'
    0000003F 38                     108 	.db #0x38	; 56	'8'
    00000040 FF                     109 	.db #0xff	; 255
    00000041 01                     110 	.db #0x01	; 1
    00000042 E1                     111 	.db #0xe1	; 225
    00000043 61                     112 	.db #0x61	; 97	'a'
    00000044 F7                     113 	.db #0xf7	; 247
    00000045 77                     114 	.db #0x77	; 119	'w'
    00000046 BC                     115 	.db #0xbc	; 188
    00000047 3F                     116 	.db #0x3f	; 63
    00000048 98                     117 	.db #0x98	; 152
    00000049 1F                     118 	.db #0x1f	; 31
    0000004A B0                     119 	.db #0xb0	; 176
    0000004B 3C                     120 	.db #0x3c	; 60
    0000004C A0                     121 	.db #0xa0	; 160
    0000004D 3C                     122 	.db #0x3c	; 60
    0000004E E0                     123 	.db #0xe0	; 224
    0000004F FF                     124 	.db #0xff	; 255
    00000050 E0                     125 	.db #0xe0	; 224
    00000051 FF                     126 	.db #0xff	; 255
    00000052 A0                     127 	.db #0xa0	; 160
    00000053 3F                     128 	.db #0x3f	; 63
    00000054 B0                     129 	.db #0xb0	; 176
    00000055 3F                     130 	.db #0x3f	; 63
    00000056 98                     131 	.db #0x98	; 152
    00000057 1F                     132 	.db #0x1f	; 31
    00000058 BC                     133 	.db #0xbc	; 188
    00000059 3F                     134 	.db #0x3f	; 63
    0000005A F7                     135 	.db #0xf7	; 247
    0000005B 77                     136 	.db #0x77	; 119	'w'
    0000005C E1                     137 	.db #0xe1	; 225
    0000005D 61                     138 	.db #0x61	; 97	'a'
    0000005E FF                     139 	.db #0xff	; 255
    0000005F 01                     140 	.db #0x01	; 1
    00000060 FF                     141 	.db #0xff	; 255
    00000061 80                     142 	.db #0x80	; 128
    00000062 87                     143 	.db #0x87	; 135
    00000063 86                     144 	.db #0x86	; 134
    00000064 EF                     145 	.db #0xef	; 239
    00000065 EE                     146 	.db #0xee	; 238
    00000066 3D                     147 	.db #0x3d	; 61
    00000067 FC                     148 	.db #0xfc	; 252
    00000068 19                     149 	.db #0x19	; 25
    00000069 F8                     150 	.db #0xf8	; 248
    0000006A 0D                     151 	.db #0x0d	; 13
    0000006B FC                     152 	.db #0xfc	; 252
    0000006C 05                     153 	.db #0x05	; 5
    0000006D FC                     154 	.db #0xfc	; 252
    0000006E 07                     155 	.db #0x07	; 7
    0000006F FF                     156 	.db #0xff	; 255
    00000070 07                     157 	.db #0x07	; 7
    00000071 FF                     158 	.db #0xff	; 255
    00000072 05                     159 	.db #0x05	; 5
    00000073 FC                     160 	.db #0xfc	; 252
    00000074 0D                     161 	.db #0x0d	; 13
    00000075 FC                     162 	.db #0xfc	; 252
    00000076 19                     163 	.db #0x19	; 25
    00000077 F8                     164 	.db #0xf8	; 248
    00000078 3D                     165 	.db #0x3d	; 61
    00000079 FC                     166 	.db #0xfc	; 252
    0000007A EF                     167 	.db #0xef	; 239
    0000007B EE                     168 	.db #0xee	; 238
    0000007C 87                     169 	.db #0x87	; 135
    0000007D 86                     170 	.db #0x86	; 134
    0000007E FF                     171 	.db #0xff	; 255
    0000007F 80                     172 	.db #0x80	; 128
    00000080 00                     173 	.db #0x00	; 0
    00000081 00                     174 	.db #0x00	; 0
    00000082 00                     175 	.db #0x00	; 0
    00000083 00                     176 	.db #0x00	; 0
    00000084 38                     177 	.db #0x38	; 56	'8'
    00000085 38                     178 	.db #0x38	; 56	'8'
    00000086 1E                     179 	.db #0x1e	; 30
    00000087 3E                     180 	.db #0x3e	; 62
    00000088 03                     181 	.db #0x03	; 3
    00000089 1F                     182 	.db #0x1f	; 31
    0000008A 01                     183 	.db #0x01	; 1
    0000008B 03                     184 	.db #0x03	; 3
    0000008C 07                     185 	.db #0x07	; 7
    0000008D 07                     186 	.db #0x07	; 7
    0000008E 1C                     187 	.db #0x1c	; 28
    0000008F 1F                     188 	.db #0x1f	; 31
    00000090 30                     189 	.db #0x30	; 48	'0'
    00000091 3C                     190 	.db #0x3c	; 60
    00000092 60                     191 	.db #0x60	; 96
    00000093 70                     192 	.db #0x70	; 112	'p'
    00000094 00                     193 	.db #0x00	; 0
    00000095 60                     194 	.db #0x60	; 96
    00000096 00                     195 	.db #0x00	; 0
    00000097 00                     196 	.db #0x00	; 0
    00000098 00                     197 	.db #0x00	; 0
    00000099 00                     198 	.db #0x00	; 0
    0000009A 00                     199 	.db #0x00	; 0
    0000009B 00                     200 	.db #0x00	; 0
    0000009C 00                     201 	.db #0x00	; 0
    0000009D 00                     202 	.db #0x00	; 0
    0000009E 00                     203 	.db #0x00	; 0
    0000009F 00                     204 	.db #0x00	; 0
    000000A0 00                     205 	.db #0x00	; 0
    000000A1 00                     206 	.db #0x00	; 0
    000000A2 00                     207 	.db #0x00	; 0
    000000A3 00                     208 	.db #0x00	; 0
    000000A4 00                     209 	.db #0x00	; 0
    000000A5 00                     210 	.db #0x00	; 0
    000000A6 1E                     211 	.db #0x1e	; 30
    000000A7 1E                     212 	.db #0x1e	; 30
    000000A8 F8                     213 	.db #0xf8	; 248
    000000A9 FE                     214 	.db #0xfe	; 254
    000000AA C0                     215 	.db #0xc0	; 192
    000000AB F8                     216 	.db #0xf8	; 248
    000000AC 60                     217 	.db #0x60	; 96
    000000AD E0                     218 	.db #0xe0	; 224
    000000AE 20                     219 	.db #0x20	; 32
    000000AF 60                     220 	.db #0x60	; 96
    000000B0 30                     221 	.db #0x30	; 48	'0'
    000000B1 30                     222 	.db #0x30	; 48	'0'
    000000B2 10                     223 	.db #0x10	; 16
    000000B3 30                     224 	.db #0x30	; 48	'0'
    000000B4 18                     225 	.db #0x18	; 24
    000000B5 18                     226 	.db #0x18	; 24
    000000B6 0C                     227 	.db #0x0c	; 12
    000000B7 1C                     228 	.db #0x1c	; 28
    000000B8 00                     229 	.db #0x00	; 0
    000000B9 0C                     230 	.db #0x0c	; 12
    000000BA 00                     231 	.db #0x00	; 0
    000000BB 00                     232 	.db #0x00	; 0
    000000BC 00                     233 	.db #0x00	; 0
    000000BD 00                     234 	.db #0x00	; 0
    000000BE 00                     235 	.db #0x00	; 0
    000000BF 00                     236 	.db #0x00	; 0
    000000C0 00                     237 	.db #0x00	; 0
    000000C1 FF                     238 	.db #0xff	; 255
    000000C2 00                     239 	.db #0x00	; 0
    000000C3 80                     240 	.db #0x80	; 128
    000000C4 00                     241 	.db #0x00	; 0
    000000C5 80                     242 	.db #0x80	; 128
    000000C6 00                     243 	.db #0x00	; 0
    000000C7 80                     244 	.db #0x80	; 128
    000000C8 00                     245 	.db #0x00	; 0
    000000C9 80                     246 	.db #0x80	; 128
    000000CA 00                     247 	.db #0x00	; 0
    000000CB 80                     248 	.db #0x80	; 128
    000000CC 00                     249 	.db #0x00	; 0
    000000CD 80                     250 	.db #0x80	; 128
    000000CE 00                     251 	.db #0x00	; 0
    000000CF 80                     252 	.db #0x80	; 128
    000000D0 00                     253 	.db #0x00	; 0
    000000D1 80                     254 	.db #0x80	; 128
    000000D2 00                     255 	.db #0x00	; 0
    000000D3 80                     256 	.db #0x80	; 128
    000000D4 00                     257 	.db #0x00	; 0
    000000D5 80                     258 	.db #0x80	; 128
    000000D6 00                     259 	.db #0x00	; 0
    000000D7 80                     260 	.db #0x80	; 128
    000000D8 00                     261 	.db #0x00	; 0
    000000D9 80                     262 	.db #0x80	; 128
    000000DA 00                     263 	.db #0x00	; 0
    000000DB 80                     264 	.db #0x80	; 128
    000000DC 00                     265 	.db #0x00	; 0
    000000DD 80                     266 	.db #0x80	; 128
    000000DE 00                     267 	.db #0x00	; 0
    000000DF FF                     268 	.db #0xff	; 255
    000000E0 00                     269 	.db #0x00	; 0
    000000E1 FF                     270 	.db #0xff	; 255
    000000E2 00                     271 	.db #0x00	; 0
    000000E3 01                     272 	.db #0x01	; 1
    000000E4 00                     273 	.db #0x00	; 0
    000000E5 01                     274 	.db #0x01	; 1
    000000E6 00                     275 	.db #0x00	; 0
    000000E7 01                     276 	.db #0x01	; 1
    000000E8 00                     277 	.db #0x00	; 0
    000000E9 01                     278 	.db #0x01	; 1
    000000EA 00                     279 	.db #0x00	; 0
    000000EB 01                     280 	.db #0x01	; 1
    000000EC 00                     281 	.db #0x00	; 0
    000000ED 01                     282 	.db #0x01	; 1
    000000EE 00                     283 	.db #0x00	; 0
    000000EF 01                     284 	.db #0x01	; 1
    000000F0 00                     285 	.db #0x00	; 0
    000000F1 01                     286 	.db #0x01	; 1
    000000F2 00                     287 	.db #0x00	; 0
    000000F3 01                     288 	.db #0x01	; 1
    000000F4 00                     289 	.db #0x00	; 0
    000000F5 01                     290 	.db #0x01	; 1
    000000F6 00                     291 	.db #0x00	; 0
    000000F7 01                     292 	.db #0x01	; 1
    000000F8 00                     293 	.db #0x00	; 0
    000000F9 01                     294 	.db #0x01	; 1
    000000FA 00                     295 	.db #0x00	; 0
    000000FB 01                     296 	.db #0x01	; 1
    000000FC 00                     297 	.db #0x00	; 0
    000000FD 01                     298 	.db #0x01	; 1
    000000FE 00                     299 	.db #0x00	; 0
    000000FF FF                     300 	.db #0xff	; 255
    00000100 AA                     301 	.db #0xaa	; 170
    00000101 55                     302 	.db #0x55	; 85	'U'
    00000102 55                     303 	.db #0x55	; 85	'U'
    00000103 AA                     304 	.db #0xaa	; 170
    00000104 AA                     305 	.db #0xaa	; 170
    00000105 55                     306 	.db #0x55	; 85	'U'
    00000106 55                     307 	.db #0x55	; 85	'U'
    00000107 AA                     308 	.db #0xaa	; 170
    00000108 AA                     309 	.db #0xaa	; 170
    00000109 55                     310 	.db #0x55	; 85	'U'
    0000010A 55                     311 	.db #0x55	; 85	'U'
    0000010B AA                     312 	.db #0xaa	; 170
    0000010C AA                     313 	.db #0xaa	; 170
    0000010D 55                     314 	.db #0x55	; 85	'U'
    0000010E 55                     315 	.db #0x55	; 85	'U'
    0000010F AA                     316 	.db #0xaa	; 170
                                    317 	.area _INITIALIZER
                                    318 	.area _CABS (ABS)
